
> smart-tow@0.1.0 build
> next build

node.exe : ÔÜá Warning: Next.js 
inferred your workspace root, but 
it may not be correct.
En línea: 1 Carácter: 1
+ & "C:\Program 
Files\nodejs/node.exe" "C:\Program 
Files\nodejs/node_mo ...
+ ~~~~~~~~~~~~~~~~~~~~~~~~~~~~~~~~~
~~~~~~~~~~~~~~~~~~~~~~~~~~~~~~~~~~~
~
    + CategoryInfo          : NotS 
   pecified: (ÔÜá Warning: Ne...n  
  ot be correct.:String) [], Rem   
 oteException
    + FullyQualifiedErrorId : Nati 
   veCommandError
 
 We detected multiple lockfiles 
and selected the directory of 
C:\Users\mauri\package-lock.json 
as the root directory.
 To silence this warning, set 
`turbopack.root` in your Next.js 
config, or consider removing one 
of the lockfiles if it's not 
needed.
   See https://nextjs.org/docs/app/
api-reference/config/next-config-js
/turbopack#root-directory for more 
information.
 Detected additional lockfiles: 
   * C:\Users\mauri\.gemini\antigra
vity\scratch\smart-tow\package-lock
.json

Ôû▓ Next.js 16.1.6 (Turbopack)

ÔÜá The "middleware" file 
convention is deprecated. Please 
use "proxy" instead. Learn more: ht
tps://nextjs.org/docs/messages/midd
leware-to-proxy
  Creating an optimized production build ...
Ô£ô Compiled successfully in 6.0s
  Running TypeScript ...
  Collecting page data using 15 workers ...
  Generating static pages using 15 workers (0/17) ...
  Generating static pages using 15 workers (4/17) 
  Generating static pages using 15 workers (8/17) 
  Generating static pages using 15 workers (12/17) 
Error occurred prerendering page 
"/operator". Read more: https://nex
tjs.org/docs/messages/prerender-err
or
Error: supabaseUrl is required.
    at <unknown> (C:\Users\mauri\.g
emini\antigravity\scratch\smart-tow
\.next\server\chunks\ssr\8be98_300d
ff02._.js:37:43440)
    at new ce (C:\Users\mauri\.gemi
ni\antigravity\scratch\smart-tow\.n
ext\server\chunks\ssr\8be98_300dff0
2._.js:37:43691)
    at cf (C:\Users\mauri\.gemini\a
ntigravity\scratch\smart-tow\.next\
server\chunks\ssr\8be98_300dff02._.
js:37:47633)
    at module evaluation (C:\Users\
mauri\.gemini\antigravity\scratch\s
mart-tow\.next\server\chunks\ssr\[r
oot-of-the-server]__91e3a33b._.js:1
:6746)
    at instantiateModule (C:\Users\
mauri\.gemini\antigravity\scratch\s
mart-tow\.next\server\chunks\ssr\[t
urbopack]_runtime.js:740:9)
    at 
getOrInstantiateModuleFromParent (C
:\Users\mauri\.gemini\antigravity\s
cratch\smart-tow\.next\server\chunk
s\ssr\[turbopack]_runtime.js:763:12
)
    at Context.commonJsRequire [as 
r] (C:\Users\mauri\.gemini\antigrav
ity\scratch\smart-tow\.next\server\
chunks\ssr\[turbopack]_runtime.js:2
49:12) {
  digest: '1827255630'
}
Export encountered an error on 
/operator/page: /operator, exiting 
the build.
Ô¿» Next.js build worker exited 
with code: 1 and signal: null
